###############################################################################
#
# IAR ELF Linker V9.40.1.364/W64 for ARM                  24/Sep/2024  10:57:44
# Copyright 2007-2023 IAR Systems AB.
#
#    Output file  =  C:\Users\admin\Desktop\VCU_TEST\Project\Debug\Exe\demo.out
#    Map file     =
#        C:\Users\admin\Desktop\VCU_TEST\Project\Debug\List\demo.map
#    Command line =
#        -f C:\Users\admin\Desktop\VCU_TEST\Project\Debug\Exe\demo.out.rsp
#        (C:\Users\admin\Desktop\VCU_TEST\Project\Debug\Obj\myperipherals_3990676196113181844.dir\adc.o
#        C:\Users\admin\Desktop\VCU_TEST\Project\Debug\Obj\myperipherals_3990676196113181844.dir\can.o
#        C:\Users\admin\Desktop\VCU_TEST\Project\Debug\Obj\Communication_1110284211678479056.dir\CanNet.o
#        C:\Users\admin\Desktop\VCU_TEST\Project\Debug\Obj\myperipherals_3990676196113181844.dir\dac.o
#        C:\Users\admin\Desktop\VCU_TEST\Project\Debug\Obj\myperipherals_3990676196113181844.dir\delay.o
#        C:\Users\admin\Desktop\VCU_TEST\Project\Debug\Obj\myperipherals_3990676196113181844.dir\Digtal.o
#        C:\Users\admin\Desktop\VCU_TEST\Project\Debug\Obj\myperipherals_3990676196113181844.dir\gpio.o
#        C:\Users\admin\Desktop\VCU_TEST\Project\Debug\Obj\USER_10919075772761525211.dir\main.o
#        C:\Users\admin\Desktop\VCU_TEST\Project\Debug\Obj\FWLIB_2941587163212694179.dir\misc.o
#        C:\Users\admin\Desktop\VCU_TEST\Project\Debug\Obj\myperipherals_3990676196113181844.dir\pwm.o
#        C:\Users\admin\Desktop\VCU_TEST\Project\Debug\Obj\CMSIS_13545061835669826545.dir\startup_stm32f427_437xx.o
#        C:\Users\admin\Desktop\VCU_TEST\Project\Debug\Obj\FWLIB_2941587163212694179.dir\stm32f4xx_adc.o
#        C:\Users\admin\Desktop\VCU_TEST\Project\Debug\Obj\FWLIB_2941587163212694179.dir\stm32f4xx_can.o
#        C:\Users\admin\Desktop\VCU_TEST\Project\Debug\Obj\FWLIB_2941587163212694179.dir\stm32f4xx_cec.o
#        C:\Users\admin\Desktop\VCU_TEST\Project\Debug\Obj\FWLIB_2941587163212694179.dir\stm32f4xx_crc.o
#        C:\Users\admin\Desktop\VCU_TEST\Project\Debug\Obj\FWLIB_2941587163212694179.dir\stm32f4xx_cryp.o
#        C:\Users\admin\Desktop\VCU_TEST\Project\Debug\Obj\FWLIB_2941587163212694179.dir\stm32f4xx_cryp_aes.o
#        C:\Users\admin\Desktop\VCU_TEST\Project\Debug\Obj\FWLIB_2941587163212694179.dir\stm32f4xx_cryp_des.o
#        C:\Users\admin\Desktop\VCU_TEST\Project\Debug\Obj\FWLIB_2941587163212694179.dir\stm32f4xx_cryp_tdes.o
#        C:\Users\admin\Desktop\VCU_TEST\Project\Debug\Obj\FWLIB_2941587163212694179.dir\stm32f4xx_dac.o
#        C:\Users\admin\Desktop\VCU_TEST\Project\Debug\Obj\FWLIB_2941587163212694179.dir\stm32f4xx_dbgmcu.o
#        C:\Users\admin\Desktop\VCU_TEST\Project\Debug\Obj\FWLIB_2941587163212694179.dir\stm32f4xx_dcmi.o
#        C:\Users\admin\Desktop\VCU_TEST\Project\Debug\Obj\FWLIB_2941587163212694179.dir\stm32f4xx_dfsdm.o
#        C:\Users\admin\Desktop\VCU_TEST\Project\Debug\Obj\FWLIB_2941587163212694179.dir\stm32f4xx_dma.o
#        C:\Users\admin\Desktop\VCU_TEST\Project\Debug\Obj\FWLIB_2941587163212694179.dir\stm32f4xx_dma2d.o
#        C:\Users\admin\Desktop\VCU_TEST\Project\Debug\Obj\FWLIB_2941587163212694179.dir\stm32f4xx_dsi.o
#        C:\Users\admin\Desktop\VCU_TEST\Project\Debug\Obj\FWLIB_2941587163212694179.dir\stm32f4xx_exti.o
#        C:\Users\admin\Desktop\VCU_TEST\Project\Debug\Obj\FWLIB_2941587163212694179.dir\stm32f4xx_flash.o
#        C:\Users\admin\Desktop\VCU_TEST\Project\Debug\Obj\FWLIB_2941587163212694179.dir\stm32f4xx_flash_ramfunc.o
#        C:\Users\admin\Desktop\VCU_TEST\Project\Debug\Obj\FWLIB_2941587163212694179.dir\stm32f4xx_fmc.o
#        C:\Users\admin\Desktop\VCU_TEST\Project\Debug\Obj\FWLIB_2941587163212694179.dir\stm32f4xx_fmpi2c.o
#        C:\Users\admin\Desktop\VCU_TEST\Project\Debug\Obj\FWLIB_2941587163212694179.dir\stm32f4xx_gpio.o
#        C:\Users\admin\Desktop\VCU_TEST\Project\Debug\Obj\FWLIB_2941587163212694179.dir\stm32f4xx_hash.o
#        C:\Users\admin\Desktop\VCU_TEST\Project\Debug\Obj\FWLIB_2941587163212694179.dir\stm32f4xx_hash_md5.o
#        C:\Users\admin\Desktop\VCU_TEST\Project\Debug\Obj\FWLIB_2941587163212694179.dir\stm32f4xx_hash_sha1.o
#        C:\Users\admin\Desktop\VCU_TEST\Project\Debug\Obj\FWLIB_2941587163212694179.dir\stm32f4xx_i2c.o
#        C:\Users\admin\Desktop\VCU_TEST\Project\Debug\Obj\USER_10919075772761525211.dir\stm32f4xx_it.o
#        C:\Users\admin\Desktop\VCU_TEST\Project\Debug\Obj\FWLIB_2941587163212694179.dir\stm32f4xx_iwdg.o
#        C:\Users\admin\Desktop\VCU_TEST\Project\Debug\Obj\FWLIB_2941587163212694179.dir\stm32f4xx_lptim.o
#        C:\Users\admin\Desktop\VCU_TEST\Project\Debug\Obj\FWLIB_2941587163212694179.dir\stm32f4xx_ltdc.o
#        C:\Users\admin\Desktop\VCU_TEST\Project\Debug\Obj\FWLIB_2941587163212694179.dir\stm32f4xx_pwr.o
#        C:\Users\admin\Desktop\VCU_TEST\Project\Debug\Obj\FWLIB_2941587163212694179.dir\stm32f4xx_qspi.o
#        C:\Users\admin\Desktop\VCU_TEST\Project\Debug\Obj\FWLIB_2941587163212694179.dir\stm32f4xx_rcc.o
#        C:\Users\admin\Desktop\VCU_TEST\Project\Debug\Obj\FWLIB_2941587163212694179.dir\stm32f4xx_rng.o
#        C:\Users\admin\Desktop\VCU_TEST\Project\Debug\Obj\FWLIB_2941587163212694179.dir\stm32f4xx_rtc.o
#        C:\Users\admin\Desktop\VCU_TEST\Project\Debug\Obj\FWLIB_2941587163212694179.dir\stm32f4xx_sai.o
#        C:\Users\admin\Desktop\VCU_TEST\Project\Debug\Obj\FWLIB_2941587163212694179.dir\stm32f4xx_sdio.o
#        C:\Users\admin\Desktop\VCU_TEST\Project\Debug\Obj\FWLIB_2941587163212694179.dir\stm32f4xx_spdifrx.o
#        C:\Users\admin\Desktop\VCU_TEST\Project\Debug\Obj\FWLIB_2941587163212694179.dir\stm32f4xx_spi.o
#        C:\Users\admin\Desktop\VCU_TEST\Project\Debug\Obj\FWLIB_2941587163212694179.dir\stm32f4xx_syscfg.o
#        C:\Users\admin\Desktop\VCU_TEST\Project\Debug\Obj\FWLIB_2941587163212694179.dir\stm32f4xx_tim.o
#        C:\Users\admin\Desktop\VCU_TEST\Project\Debug\Obj\FWLIB_2941587163212694179.dir\stm32f4xx_usart.o
#        C:\Users\admin\Desktop\VCU_TEST\Project\Debug\Obj\FWLIB_2941587163212694179.dir\stm32f4xx_wwdg.o
#        C:\Users\admin\Desktop\VCU_TEST\Project\Debug\Obj\USER_10919075772761525211.dir\SwitchStateUpdate.o
#        C:\Users\admin\Desktop\VCU_TEST\Project\Debug\Obj\myperipherals_3990676196113181844.dir\sys.o
#        C:\Users\admin\Desktop\VCU_TEST\Project\Debug\Obj\USER_10919075772761525211.dir\system_stm32f4xx.o
#        C:\Users\admin\Desktop\VCU_TEST\Project\Debug\Obj\USER_10919075772761525211.dir\test.o
#        C:\Users\admin\Desktop\VCU_TEST\Project\Debug\Obj\myperipherals_3990676196113181844.dir\usart.o
#        --no_out_extension -o
#        C:\Users\admin\Desktop\VCU_TEST\Project\Debug\Exe\demo.out --map
#        C:\Users\admin\Desktop\VCU_TEST\Project\Debug\List\demo.map --config
#        D:\IAR9\arm\config\linker\ST\stm32f427xI.icf --semihosting --entry
#        __iar_program_start --vfe --text_out locale --cpu=Cortex-M4
#        --fpu=VFPv4_sp) --dependencies=n
#        C:\Users\admin\Desktop\VCU_TEST\Project\Debug\Exe\demo.out.iar_deps
#
###############################################################################

*******************************************************************************
*** RUNTIME MODEL ATTRIBUTES
***

CppFlavor       = *
__CPP_Runtime   = 1
__SystemLibrary = DLib
__dlib_version  = 6


*******************************************************************************
*** HEAP SELECTION
***

The basic heap was selected because --advanced_heap
was not specified and the application did not appear to
be primarily optimized for speed.


*******************************************************************************
*** PLACEMENT SUMMARY
***

"A0":  place at address 0x800'0000 { ro section .intvec };
"P1":  place in [from 0x800'0000 to 0x81f'ffff] { ro };
define block CSTACK with size = 8K, alignment = 8 { };
define block HEAP with size = 8K, alignment = 8 { };
"P4":  place in [from 0x2000'0000 to 0x2001'bfff] |
                [from 0x2001'c000 to 0x2001'ffff] |
                [from 0x2002'0000 to 0x2002'ffff] {
          rw, block CSTACK, block HEAP };
initialize by copy { rw };

No sections matched the following patterns:

  ro section application_specific_ro  in "P2|P6"
  rw section application_specific_rw  in "P2|P6"
  section .backup_sram                in "P5"
  section .ccram                      in "P3"


  Section            Kind         Address    Size  Object
  -------            ----         -------    ----  ------
"A0":                                       0x1ac
  .intvec            ro code   0x800'0000   0x1ac  startup_stm32f427_437xx.o [1]
                             - 0x800'01ac   0x1ac

"P1":                                      0x5e00
  .text              ro code   0x800'01ac   0xf30  test.o [4]
  .text              ro code   0x800'10dc   0x4ac  Digtal.o [5]
  .text              ro code   0x800'1588   0x114  gpio.o [5]
  .text              ro code   0x800'169c   0xdf8  pwm.o [5]
  .text              ro code   0x800'2494   0x580  dac.o [5]
  .text              ro code   0x800'2a14   0x168  adc.o [5]
  .text              ro code   0x800'2b7c   0x2ba  can.o [5]
  .text              ro code   0x800'2e38   0x154  stm32f4xx_rcc.o [3]
  .text              ro code   0x800'2f8c   0x10a  stm32f4xx_gpio.o [3]
  .text              ro code   0x800'3098   0x392  stm32f4xx_tim.o [3]
  .text              ro code   0x800'342c    0x80  misc.o [3]
  .text              ro code   0x800'34ac    0x6c  stm32f4xx_spi.o [3]
  .text              ro code   0x800'3518    0x14  memset.o [8]
  .text              ro code   0x800'352c    0x84  stm32f4xx_dac.o [3]
  .text              ro code   0x800'35b0    0x70  stm32f4xx_dma.o [3]
  .text              ro code   0x800'3620    0x48  FltToDbl.o [7]
  .text              ro code   0x800'3668    0x12  math_wrappers64.o [7]
  .text              ro code   0x800'367c   0x24e  DblAddSub.o [7]
  .text              ro code   0x800'38cc   0x1aa  DblMul.o [7]
  .text              ro code   0x800'3a78   0x246  DblDiv.o [7]
  .text              ro code   0x800'3cc0    0x36  DblToS32.o [7]
  .text              ro code   0x800'3cf8   0x180  stm32f4xx_adc.o [3]
  .text              ro code   0x800'3e78    0xac  delay.o [5]
  .text              ro code   0x800'3f24    0x68  DblToFlt.o [7]
  .text              ro code   0x800'3f8c   0x4f8  stm32f4xx_can.o [3]
  .text              ro code   0x800'4484    0x66  ABImemset.o [8]
  .text              ro code   0x800'44ec   0x404  cos_sin64.o [7]
  .text              ro code   0x800'48f0    0x34  DblCmpLe.o [7]
  .text              ro code   0x800'4924    0x22  S32ToDbl.o [7]
  .text              ro code   0x800'4948   0xad0  stm32f4xx_it.o [4]
  .text              ro code   0x800'5418    0x1c  U32ToDbl.o [7]
  .text              ro code   0x800'5434    0x22  DblToU32.o [7]
  .text              ro code   0x800'5458   0x1a4  stm32f4xx_usart.o [3]
  .text              ro code   0x800'55fc   0x144  system_stm32f4xx.o [4]
  .text              ro code   0x800'5740   0x12c  usart.o [5]
  .text              ro code   0x800'586c   0x118  CanNet.o [2]
  .rodata            const     0x800'5984    0xf0  CanNet.o [2]
  .text              ro code   0x800'5a74    0xa2  packbits_init.o [8]
  .text              ro code   0x800'5b16     0x6  abort.o [6]
  .text              ro code   0x800'5b1c    0x14  exit.o [9]
  .text              ro code   0x800'5b30    0x72  main.o [4]
  .text              ro code   0x800'5ba2    0x38  zero_init3.o [8]
  .text              ro code   0x800'5bdc    0x28  data_init.o [8]
  .text              ro code   0x800'5c04    0x22  fpinit_M.o [7]
  .iar.init_table    const     0x800'5c28    0x2c  - Linker created -
  .text              ro code   0x800'5c54    0x1e  cmain.o [8]
  .text              ro code   0x800'5c72     0x4  low_level_init.o [6]
  .text              ro code   0x800'5c76     0x4  exit.o [6]
  .text              ro code   0x800'5c7c     0xa  cexit.o [8]
  .text              ro code   0x800'5c88    0x1c  cstartup_M.o [8]
  .rodata            const     0x800'5ca4    0x10  CanNet.o [2]
  .text              ro code   0x800'5cb4    0x10  startup_stm32f427_437xx.o [1]
  .text              ro code   0x800'5cc4     0x4  startup_stm32f427_437xx.o [1]
  .text              ro code   0x800'5cc8     0x4  startup_stm32f427_437xx.o [1]
  .text              ro code   0x800'5ccc     0x4  startup_stm32f427_437xx.o [1]
  .text              ro code   0x800'5cd0     0x4  startup_stm32f427_437xx.o [1]
  .text              ro code   0x800'5cd4     0x4  startup_stm32f427_437xx.o [1]
  .text              ro code   0x800'5cd8     0x4  startup_stm32f427_437xx.o [1]
  .text              ro code   0x800'5cdc     0x4  startup_stm32f427_437xx.o [1]
  .text              ro code   0x800'5ce0     0x4  startup_stm32f427_437xx.o [1]
  .text              ro code   0x800'5ce4     0x4  startup_stm32f427_437xx.o [1]
  .text              ro code   0x800'5ce8     0x4  startup_stm32f427_437xx.o [1]
  .text              ro code   0x800'5cec     0x4  startup_stm32f427_437xx.o [1]
  .text              ro code   0x800'5cf0     0x4  startup_stm32f427_437xx.o [1]
  .text              ro code   0x800'5cf4     0x4  startup_stm32f427_437xx.o [1]
  .text              ro code   0x800'5cf8     0x4  startup_stm32f427_437xx.o [1]
  .text              ro code   0x800'5cfc     0x4  startup_stm32f427_437xx.o [1]
  .text              ro code   0x800'5d00     0x4  startup_stm32f427_437xx.o [1]
  .text              ro code   0x800'5d04     0x4  startup_stm32f427_437xx.o [1]
  .text              ro code   0x800'5d08     0x4  startup_stm32f427_437xx.o [1]
  .text              ro code   0x800'5d0c     0x4  startup_stm32f427_437xx.o [1]
  .text              ro code   0x800'5d10     0x4  startup_stm32f427_437xx.o [1]
  .text              ro code   0x800'5d14     0x4  startup_stm32f427_437xx.o [1]
  .text              ro code   0x800'5d18     0x4  startup_stm32f427_437xx.o [1]
  .text              ro code   0x800'5d1c     0x4  startup_stm32f427_437xx.o [1]
  .text              ro code   0x800'5d20     0x4  startup_stm32f427_437xx.o [1]
  .text              ro code   0x800'5d24     0x4  startup_stm32f427_437xx.o [1]
  .text              ro code   0x800'5d28     0x4  startup_stm32f427_437xx.o [1]
  .text              ro code   0x800'5d2c     0x4  startup_stm32f427_437xx.o [1]
  .text              ro code   0x800'5d30     0x4  startup_stm32f427_437xx.o [1]
  .text              ro code   0x800'5d34     0x4  startup_stm32f427_437xx.o [1]
  .text              ro code   0x800'5d38     0x4  startup_stm32f427_437xx.o [1]
  .text              ro code   0x800'5d3c     0x4  startup_stm32f427_437xx.o [1]
  .text              ro code   0x800'5d40     0x4  startup_stm32f427_437xx.o [1]
  .text              ro code   0x800'5d44     0x4  startup_stm32f427_437xx.o [1]
  .text              ro code   0x800'5d48     0x4  startup_stm32f427_437xx.o [1]
  .text              ro code   0x800'5d4c     0x4  startup_stm32f427_437xx.o [1]
  .text              ro code   0x800'5d50     0x4  startup_stm32f427_437xx.o [1]
  .text              ro code   0x800'5d54     0x4  startup_stm32f427_437xx.o [1]
  .text              ro code   0x800'5d58     0x4  startup_stm32f427_437xx.o [1]
  .text              ro code   0x800'5d5c     0x4  startup_stm32f427_437xx.o [1]
  .text              ro code   0x800'5d60     0x4  startup_stm32f427_437xx.o [1]
  .text              ro code   0x800'5d64     0x4  startup_stm32f427_437xx.o [1]
  .text              ro code   0x800'5d68     0x4  startup_stm32f427_437xx.o [1]
  .text              ro code   0x800'5d6c     0x4  startup_stm32f427_437xx.o [1]
  .text              ro code   0x800'5d70     0x4  startup_stm32f427_437xx.o [1]
  .text              ro code   0x800'5d74     0x4  startup_stm32f427_437xx.o [1]
  .text              ro code   0x800'5d78     0x4  startup_stm32f427_437xx.o [1]
  .text              ro code   0x800'5d7c     0x4  startup_stm32f427_437xx.o [1]
  .text              ro code   0x800'5d80     0x4  startup_stm32f427_437xx.o [1]
  .text              ro code   0x800'5d84     0x4  startup_stm32f427_437xx.o [1]
  .text              ro code   0x800'5d88     0x4  startup_stm32f427_437xx.o [1]
  .text              ro code   0x800'5d8c     0x4  startup_stm32f427_437xx.o [1]
  .text              ro code   0x800'5d90     0x4  startup_stm32f427_437xx.o [1]
  .text              ro code   0x800'5d94     0x4  startup_stm32f427_437xx.o [1]
  .text              ro code   0x800'5d98     0x4  startup_stm32f427_437xx.o [1]
  .text              ro code   0x800'5d9c     0x4  startup_stm32f427_437xx.o [1]
  .text              ro code   0x800'5da0     0x4  startup_stm32f427_437xx.o [1]
  .text              ro code   0x800'5da4     0x4  startup_stm32f427_437xx.o [1]
  .text              ro code   0x800'5da8     0x4  startup_stm32f427_437xx.o [1]
  .text              ro code   0x800'5dac     0x4  startup_stm32f427_437xx.o [1]
  .text              ro code   0x800'5db0     0x4  startup_stm32f427_437xx.o [1]
  .text              ro code   0x800'5db4     0x4  startup_stm32f427_437xx.o [1]
  .text              ro code   0x800'5db8     0x4  startup_stm32f427_437xx.o [1]
  .text              ro code   0x800'5dbc     0x4  startup_stm32f427_437xx.o [1]
  .text              ro code   0x800'5dc0     0x4  startup_stm32f427_437xx.o [1]
  .text              ro code   0x800'5dc4     0x4  startup_stm32f427_437xx.o [1]
  .text              ro code   0x800'5dc8     0x4  startup_stm32f427_437xx.o [1]
  .text              ro code   0x800'5dcc     0x4  startup_stm32f427_437xx.o [1]
  .text              ro code   0x800'5dd0     0x4  startup_stm32f427_437xx.o [1]
  .text              ro code   0x800'5dd4     0x4  startup_stm32f427_437xx.o [1]
  .text              ro code   0x800'5dd8     0x4  startup_stm32f427_437xx.o [1]
  .text              ro code   0x800'5ddc     0x4  startup_stm32f427_437xx.o [1]
  .text              ro code   0x800'5de0     0x4  startup_stm32f427_437xx.o [1]
  .text              ro code   0x800'5de4     0x4  startup_stm32f427_437xx.o [1]
  .text              ro code   0x800'5de8     0x4  startup_stm32f427_437xx.o [1]
  .text              ro code   0x800'5dec     0x4  startup_stm32f427_437xx.o [1]
  .text              ro code   0x800'5df0     0x4  startup_stm32f427_437xx.o [1]
  .text              ro code   0x800'5df4     0x4  startup_stm32f427_437xx.o [1]
  .text              ro code   0x800'5df8     0x4  startup_stm32f427_437xx.o [1]
  .text              ro code   0x800'5dfc     0x4  startup_stm32f427_437xx.o [1]
  .text              ro code   0x800'5e00     0x4  startup_stm32f427_437xx.o [1]
  .text              ro code   0x800'5e04     0x4  startup_stm32f427_437xx.o [1]
  .rodata            const     0x800'5e08     0x0  zero_init3.o [8]
  .rodata            const     0x800'5e08     0x0  packbits_init.o [8]
  Initializer bytes  const     0x800'5e08   0x1a4  <for P4 s0>
                             - 0x800'5fac  0x5e00

"P4", part 1 of 3:                          0x224
  P4 s0                       0x2000'0000   0x224  <Init block>
    .data            inited   0x2000'0000    0xf0  test.o [4]
    .data            inited   0x2000'00f0    0x30  gpio.o [5]
    .data            inited   0x2000'0120    0x30  gpio.o [5]
    .data            inited   0x2000'0150    0x20  pwm.o [5]
    .data            inited   0x2000'0170    0x18  gpio.o [5]
    .data            inited   0x2000'0188    0x18  gpio.o [5]
    .data            inited   0x2000'01a0    0x18  pwm.o [5]
    .data            inited   0x2000'01b8    0x18  pwm.o [5]
    .data            inited   0x2000'01d0    0x18  pwm.o [5]
    .data            inited   0x2000'01e8    0x10  pwm.o [5]
    .data            inited   0x2000'01f8    0x10  stm32f4xx_rcc.o [3]
    .data            inited   0x2000'0208     0xc  pwm.o [5]
    .data            inited   0x2000'0214     0xc  pwm.o [5]
    .data            inited   0x2000'0220     0x2  dac.o [5]
    .data            inited   0x2000'0222     0x1  stm32f4xx_it.o [4]
    .data            inited   0x2000'0223     0x1  stm32f4xx_it.o [4]
                            - 0x2000'0224   0x224

"P4", part 2 of 3:                          0x51c
  .bss               zero     0x2000'0224   0x118  CanNet.o [2]
  .bss               zero     0x2000'033c   0x118  CanNet.o [2]
  .bss               zero     0x2000'0454    0xc8  dac.o [5]
  .bss               zero     0x2000'051c    0xc8  usart.o [5]
  .bss               zero     0x2000'05e4    0x30  pwm.o [5]
  .bss               zero     0x2000'0614    0x28  Digtal.o [5]
  .bss               zero     0x2000'063c    0x20  Digtal.o [5]
  .bss               zero     0x2000'065c     0x4  stm32f4xx_it.o [4]
  .bss               zero     0x2000'0660     0x4  stm32f4xx_it.o [4]
  .bss               zero     0x2000'0664     0x4  stm32f4xx_it.o [4]
  .bss               zero     0x2000'0668     0x4  stm32f4xx_it.o [4]
  .bss               zero     0x2000'066c     0x4  stm32f4xx_it.o [4]
  .bss               zero     0x2000'0670     0x4  stm32f4xx_it.o [4]
  .bss               zero     0x2000'0674     0x4  stm32f4xx_it.o [4]
  .bss               zero     0x2000'0678     0x4  stm32f4xx_it.o [4]
  .bss               zero     0x2000'067c     0x4  stm32f4xx_it.o [4]
  .bss               zero     0x2000'0680     0x4  stm32f4xx_it.o [4]
  .bss               zero     0x2000'0684     0x4  stm32f4xx_it.o [4]
  .bss               zero     0x2000'0688     0x4  stm32f4xx_it.o [4]
  .bss               zero     0x2000'068c     0x4  stm32f4xx_it.o [4]
  .bss               zero     0x2000'0690     0x4  stm32f4xx_it.o [4]
  .bss               zero     0x2000'0694     0x4  stm32f4xx_it.o [4]
  .bss               zero     0x2000'0698     0x4  stm32f4xx_it.o [4]
  .bss               zero     0x2000'069c     0x4  stm32f4xx_it.o [4]
  .bss               zero     0x2000'06a0     0x4  stm32f4xx_it.o [4]
  .bss               zero     0x2000'06a4     0x4  stm32f4xx_it.o [4]
  .bss               zero     0x2000'06a8     0x4  stm32f4xx_it.o [4]
  .bss               zero     0x2000'06ac     0x4  stm32f4xx_it.o [4]
  .bss               zero     0x2000'06b0     0x4  stm32f4xx_it.o [4]
  .bss               zero     0x2000'06b4     0x4  stm32f4xx_it.o [4]
  .bss               zero     0x2000'06b8     0x4  stm32f4xx_it.o [4]
  .bss               zero     0x2000'06bc     0x4  stm32f4xx_it.o [4]
  .bss               zero     0x2000'06c0     0x4  stm32f4xx_it.o [4]
  .bss               zero     0x2000'06c4     0x4  stm32f4xx_it.o [4]
  .bss               zero     0x2000'06c8     0x4  stm32f4xx_it.o [4]
  .bss               zero     0x2000'06cc     0x4  stm32f4xx_it.o [4]
  .bss               zero     0x2000'06d0     0x4  stm32f4xx_it.o [4]
  .bss               zero     0x2000'06d4     0x4  stm32f4xx_it.o [4]
  .bss               zero     0x2000'06d8     0x4  stm32f4xx_it.o [4]
  .bss               zero     0x2000'06dc     0x4  stm32f4xx_it.o [4]
  .bss               zero     0x2000'06e0     0x4  stm32f4xx_it.o [4]
  .bss               zero     0x2000'06e4     0x4  stm32f4xx_it.o [4]
  .bss               zero     0x2000'06e8     0x4  stm32f4xx_it.o [4]
  .bss               zero     0x2000'06ec     0x4  stm32f4xx_it.o [4]
  .bss               zero     0x2000'06f0     0x4  stm32f4xx_it.o [4]
  .bss               zero     0x2000'06f4     0x4  stm32f4xx_it.o [4]
  .bss               zero     0x2000'06f8     0x4  stm32f4xx_it.o [4]
  .bss               zero     0x2000'06fc     0x4  stm32f4xx_it.o [4]
  .bss               zero     0x2000'0700     0x4  stm32f4xx_it.o [4]
  .bss               zero     0x2000'0704     0x4  stm32f4xx_it.o [4]
  .bss               zero     0x2000'0708     0x4  stm32f4xx_it.o [4]
  .bss               zero     0x2000'070c     0x4  stm32f4xx_it.o [4]
  .bss               zero     0x2000'0710     0x4  stm32f4xx_it.o [4]
  .bss               zero     0x2000'0714     0x4  stm32f4xx_it.o [4]
  .bss               zero     0x2000'0718     0x4  stm32f4xx_it.o [4]
  .bss               zero     0x2000'071c     0x4  stm32f4xx_it.o [4]
  .bss               zero     0x2000'0720     0x4  stm32f4xx_it.o [4]
  .bss               zero     0x2000'0724     0x4  stm32f4xx_it.o [4]
  .bss               zero     0x2000'0728     0x4  stm32f4xx_it.o [4]
  .bss               zero     0x2000'072c     0x4  test.o [4]
  .bss               zero     0x2000'0730     0x2  delay.o [5]
  .bss               zero     0x2000'0732     0x2  usart.o [5]
  .bss               zero     0x2000'0734     0x1  delay.o [5]
  .bss               zero     0x2000'0735     0x1  stm32f4xx_it.o [4]
  .bss               zero     0x2000'0736     0x1  test.o [4]
  .bss               zero     0x2000'0737     0x1  test.o [4]
  .bss               zero     0x2000'0738     0x1  test.o [4]
  .bss               zero     0x2000'0739     0x1  test.o [4]
  .bss               zero     0x2000'073a     0x1  test.o [4]
  .bss               zero     0x2000'073b     0x1  test.o [4]
  .bss               zero     0x2000'073c     0x1  test.o [4]
  .bss               zero     0x2000'073d     0x1  test.o [4]
  .bss               zero     0x2000'073e     0x1  test.o [4]
  .bss               zero     0x2000'073f     0x1  test.o [4]
                            - 0x2000'0740   0x51c

"P4", part 3 of 3:                         0x2000
  CSTACK                      0x2000'0740  0x2000  <Block>
    CSTACK           uninit   0x2000'0740  0x2000  <Block tail>
                            - 0x2000'2740  0x2000

Unused ranges:

         From           To       Size
         ----           --       ----
   0x800'5fac   0x81f'ffff  0x1f'a054
  0x2000'2740  0x2001'bfff   0x1'98c0
  0x2001'c000  0x2001'ffff     0x4000
  0x2002'0000  0x2002'ffff   0x1'0000


*******************************************************************************
*** INIT TABLE
***

          Address      Size
          -------      ----
Zero (__iar_zero_init3)
    1 destination range, total size 0x51c:
          0x2000'0224  0x51c

Copy/packbits (__iar_packbits_init3)
    1 source range, total size 0x1a4 (76% of destination):
           0x800'5e08  0x1a4
    1 destination range, total size 0x224:
          0x2000'0000  0x224



*******************************************************************************
*** MODULE SUMMARY
***

    Module                     ro code  ro data  rw data
    ------                     -------  -------  -------
command line/config:
    ----------------------------------------------------
    Total:

C:\Users\admin\Desktop\VCU_TEST\Project\Debug\Obj\CMSIS_13545061835669826545.dir: [1]
    startup_stm32f427_437xx.o      768
    ----------------------------------------------------
    Total:                         768

C:\Users\admin\Desktop\VCU_TEST\Project\Debug\Obj\Communication_1110284211678479056.dir: [2]
    CanNet.o                       280      256      560
    ----------------------------------------------------
    Total:                         280      256      560

C:\Users\admin\Desktop\VCU_TEST\Project\Debug\Obj\FWLIB_2941587163212694179.dir: [3]
    misc.o                         128
    stm32f4xx_adc.o                384
    stm32f4xx_can.o              1'272
    stm32f4xx_dac.o                132
    stm32f4xx_dma.o                112
    stm32f4xx_gpio.o               266
    stm32f4xx_rcc.o                340       12       16
    stm32f4xx_spi.o                108
    stm32f4xx_tim.o                914
    stm32f4xx_usart.o              420
    ----------------------------------------------------
    Total:                       4'076       12       16

C:\Users\admin\Desktop\VCU_TEST\Project\Debug\Obj\USER_10919075772761525211.dir: [4]
    main.o                         114
    stm32f4xx_it.o               2'768        2      211
    system_stm32f4xx.o             324
    test.o                       3'888      183      254
    ----------------------------------------------------
    Total:                       7'094      185      465

C:\Users\admin\Desktop\VCU_TEST\Project\Debug\Obj\myperipherals_3990676196113181844.dir: [5]
    Digtal.o                     1'196                72
    adc.o                          360
    can.o                          698
    dac.o                        1'408        2      202
    delay.o                        172                 3
    gpio.o                         276      110      144
    pwm.o                        3'576      111      192
    usart.o                        300               202
    ----------------------------------------------------
    Total:                       7'986      223      815

dl7M_tlf.a: [6]
    abort.o                          6
    exit.o                           4
    low_level_init.o                 4
    ----------------------------------------------------
    Total:                          14

m7M_tls.a: [7]
    DblAddSub.o                    590
    DblCmpLe.o                      52
    DblDiv.o                       582
    DblMul.o                       426
    DblToFlt.o                     104
    DblToS32.o                      54
    DblToU32.o                      34
    FltToDbl.o                      72
    S32ToDbl.o                      34
    U32ToDbl.o                      28
    cos_sin64.o                  1'028
    fpinit_M.o                      34
    math_wrappers64.o               18
    ----------------------------------------------------
    Total:                       3'056

rt7M_tl.a: [8]
    ABImemset.o                    102
    cexit.o                         10
    cmain.o                         30
    cstartup_M.o                    28
    data_init.o                     40
    memset.o                        20
    packbits_init.o                162
    zero_init3.o                    56
    ----------------------------------------------------
    Total:                         448

shb_l.a: [9]
    exit.o                          20
    ----------------------------------------------------
    Total:                          20

    Gaps                            28        2
    Linker created                           44    8'192
--------------------------------------------------------
    Grand Total:                23'770      722   10'048


*******************************************************************************
*** ENTRY LIST
***

Entry                       Address   Size  Type      Object
-----                       -------   ----  ----      ------
.iar.init_table$$Base    0x800'5c28          --   Gb  - Linker created -
.iar.init_table$$Limit   0x800'5c54          --   Gb  - Linker created -
?main                    0x800'5c55         Code  Gb  cmain.o [8]
AD5328_GPIO_Init         0x800'2495   0xc4  Code  Gb  dac.o [5]
AD5328_Init              0x800'25b5   0x72  Code  Gb  dac.o [5]
AD5328_PowerUp           0x800'2677   0x38  Code  Gb  dac.o [5]
AD5328_Send              0x800'2627   0x50  Code  Gb  dac.o [5]
AD5328_ValueSet          0x800'26b1   0x72  Code  Gb  dac.o [5]
ADC_Cmd                  0x800'3d61   0x1a  Code  Gb  stm32f4xx_adc.o [3]
ADC_CommonInit           0x800'3d43   0x1e  Code  Gb  stm32f4xx_adc.o [3]
ADC_GetConversionValue   0x800'3e4f    0x6  Code  Gb  stm32f4xx_adc.o [3]
ADC_GetFlagStatus        0x800'3e65   0x14  Code  Gb  stm32f4xx_adc.o [3]
ADC_IRQHandler           0x800'5d0d         Code  Wk  startup_stm32f427_437xx.o [1]
ADC_Init                 0x800'3cf9   0x4a  Code  Gb  stm32f4xx_adc.o [3]
ADC_RegularChannelConfig
                         0x800'3d7b   0xca  Code  Gb  stm32f4xx_adc.o [3]
ADC_SoftwareStartConv    0x800'3e45    0xa  Code  Gb  stm32f4xx_adc.o [3]
APBAHBPrescTable        0x2000'01f8   0x10  Data  Lc  stm32f4xx_rcc.o [3]
Adc_Init                 0x800'2a15   0xc0  Code  Gb  adc.o [5]
BH595SendData            0x800'143f   0xdc  Code  Gb  Digtal.o [5]
BHC595Init               0x800'10dd   0xae  Code  Gb  Digtal.o [5]
Bsp_DAC1                 0x800'2723   0xb0  Code  Gb  dac.o [5]
Bsp_DAC2                 0x800'27d3   0xb0  Code  Gb  dac.o [5]
BusFault_Handler         0x800'494f    0x2  Code  Gb  stm32f4xx_it.o [4]
CAN1_RX0_IRQHandler      0x800'49cf   0x34  Code  Gb  stm32f4xx_it.o [4]
CAN1_RX1_IRQHandler      0x800'5d15         Code  Wk  startup_stm32f427_437xx.o [1]
CAN1_SCE_IRQHandler      0x800'5d19         Code  Wk  startup_stm32f427_437xx.o [1]
CAN1_Send1               0x800'1051   0x3c  Code  Gb  test.o [4]
CAN1_Send2               0x800'108d   0x40  Code  Gb  test.o [4]
CAN1_TX_IRQHandler       0x800'5d11         Code  Wk  startup_stm32f427_437xx.o [1]
CAN2_RX0_IRQHandler      0x800'5da9         Code  Wk  startup_stm32f427_437xx.o [1]
CAN2_RX1_IRQHandler      0x800'499b   0x34  Code  Gb  stm32f4xx_it.o [4]
CAN2_SCE_IRQHandler      0x800'5dad         Code  Wk  startup_stm32f427_437xx.o [1]
CAN2_TX_IRQHandler       0x800'5da5         Code  Wk  startup_stm32f427_437xx.o [1]
CANNet_infoMsgCAN0ConfS
                        0x2000'0224  0x118  Data  Gb  CanNet.o [2]
CANNet_infoMsgCAN1ConfS
                        0x2000'033c  0x118  Data  Gb  CanNet.o [2]
CAN_FilterInit           0x800'4097   0xda  Code  Gb  stm32f4xx_can.o [3]
CAN_GPIO_config          0x800'2b7d   0xa0  Code  Gb  can.o [5]
CAN_ITConfig             0x800'4437   0x18  Code  Gb  stm32f4xx_can.o [3]
CAN_Init                 0x800'3f8d  0x10a  Code  Gb  stm32f4xx_can.o [3]
CAN_Receive              0x800'4333  0x104  Code  Gb  stm32f4xx_can.o [3]
CAN_Transmit             0x800'4171  0x13e  Code  Gb  stm32f4xx_can.o [3]
CAN_TransmitStatus       0x800'42af   0x84  Code  Gb  stm32f4xx_can.o [3]
CRYP_IRQHandler          0x800'5de1         Code  Wk  startup_stm32f427_437xx.o [1]
CSTACK$$Base            0x2000'0740          --   Gb  - Linker created -
CSTACK$$Limit           0x2000'2740          --   Gb  - Linker created -
Can0Rx_MbCfg             0x800'5984   0xf0  Data  Gb  CanNet.o [2]
CanNet_Init              0x800'58fd   0x74  Code  Gb  CanNet.o [2]
CanNet_infoMsgInitCAN0   0x800'586d   0x48  Code  Gb  CanNet.o [2]
CanNet_infoMsgInitCAN1   0x800'58b5   0x48  Code  Gb  CanNet.o [2]
CanRx_MbCfgSet           0x800'5ca4   0x10  Data  Gb  CanNet.o [2]
Counter3                0x2000'065c    0x4  Data  Gb  stm32f4xx_it.o [4]
Counter4                0x2000'06f8    0x4  Data  Gb  stm32f4xx_it.o [4]
DAC_Cmd                  0x800'3559   0x28  Code  Gb  stm32f4xx_dac.o [3]
DAC_DMACmd               0x800'3581   0x2c  Code  Gb  stm32f4xx_dac.o [3]
DAC_Init                 0x800'352d   0x2c  Code  Gb  stm32f4xx_dac.o [3]
DCMI_IRQHandler          0x800'5ddd         Code  Wk  startup_stm32f427_437xx.o [1]
DINDrv_GetChanState      0x800'1625   0x68  Code  Gb  gpio.o [5]
DMA1_Stream0_IRQHandler
                         0x800'5cf1         Code  Wk  startup_stm32f427_437xx.o [1]
DMA1_Stream1_IRQHandler
                         0x800'5cf5         Code  Wk  startup_stm32f427_437xx.o [1]
DMA1_Stream2_IRQHandler
                         0x800'5cf9         Code  Wk  startup_stm32f427_437xx.o [1]
DMA1_Stream3_IRQHandler
                         0x800'5cfd         Code  Wk  startup_stm32f427_437xx.o [1]
DMA1_Stream4_IRQHandler
                         0x800'5d01         Code  Wk  startup_stm32f427_437xx.o [1]
DMA1_Stream5_IRQHandler
                         0x800'5d05         Code  Wk  startup_stm32f427_437xx.o [1]
DMA1_Stream6_IRQHandler
                         0x800'5d09         Code  Wk  startup_stm32f427_437xx.o [1]
DMA1_Stream7_IRQHandler
                         0x800'5d6d         Code  Wk  startup_stm32f427_437xx.o [1]
DMA2D_IRQHandler         0x800'5e05         Code  Wk  startup_stm32f427_437xx.o [1]
DMA2_Stream0_IRQHandler
                         0x800'5d89         Code  Wk  startup_stm32f427_437xx.o [1]
DMA2_Stream1_IRQHandler
                         0x800'5d8d         Code  Wk  startup_stm32f427_437xx.o [1]
DMA2_Stream2_IRQHandler
                         0x800'5d91         Code  Wk  startup_stm32f427_437xx.o [1]
DMA2_Stream3_IRQHandler
                         0x800'5d95         Code  Wk  startup_stm32f427_437xx.o [1]
DMA2_Stream4_IRQHandler
                         0x800'5d99         Code  Wk  startup_stm32f427_437xx.o [1]
DMA2_Stream5_IRQHandler
                         0x800'5db5         Code  Wk  startup_stm32f427_437xx.o [1]
DMA2_Stream6_IRQHandler
                         0x800'5db9         Code  Wk  startup_stm32f427_437xx.o [1]
DMA2_Stream7_IRQHandler
                         0x800'5dbd         Code  Wk  startup_stm32f427_437xx.o [1]
DMA_Cmd                  0x800'3601   0x1a  Code  Gb  stm32f4xx_dma.o [3]
DMA_Init                 0x800'35b1   0x50  Code  Gb  stm32f4xx_dma.o [3]
DebugMon_Handler         0x800'4955    0x2  Code  Gb  stm32f4xx_it.o [4]
Difference              0x2000'0660    0x4  Data  Gb  stm32f4xx_it.o [4]
Digtal_Data             0x2000'0614   0x28  Data  Gb  Digtal.o [5]
Digtal_Data2            0x2000'063c   0x20  Data  Gb  Digtal.o [5]
DoutDrv_SetChanState     0x800'151b   0x50  Code  Gb  Digtal.o [5]
ETH_IRQHandler           0x800'5d9d         Code  Wk  startup_stm32f427_437xx.o [1]
ETH_WKUP_IRQHandler      0x800'5da1         Code  Wk  startup_stm32f427_437xx.o [1]
EXTI0_IRQHandler         0x800'5cdd         Code  Wk  startup_stm32f427_437xx.o [1]
EXTI15_10_IRQHandler     0x800'5d55         Code  Wk  startup_stm32f427_437xx.o [1]
EXTI1_IRQHandler         0x800'5ce1         Code  Wk  startup_stm32f427_437xx.o [1]
EXTI2_IRQHandler         0x800'5ce5         Code  Wk  startup_stm32f427_437xx.o [1]
EXTI3_IRQHandler         0x800'5ce9         Code  Wk  startup_stm32f427_437xx.o [1]
EXTI4_IRQHandler         0x800'5ced         Code  Wk  startup_stm32f427_437xx.o [1]
EXTI9_5_IRQHandler       0x800'5d1d         Code  Wk  startup_stm32f427_437xx.o [1]
FLASH_IRQHandler         0x800'5cd5         Code  Wk  startup_stm32f427_437xx.o [1]
FMC_IRQHandler           0x800'5d71         Code  Wk  startup_stm32f427_437xx.o [1]
FPU_IRQHandler           0x800'5de9         Code  Wk  startup_stm32f427_437xx.o [1]
FS_IN_PIN_              0x2000'01e8   0x10  Data  Gb  pwm.o [5]
FS_IN_PORT_             0x2000'0150   0x20  Data  Gb  pwm.o [5]
FS_OUTEN_PIN_           0x2000'0214    0xc  Data  Gb  pwm.o [5]
FS_OUTEN_PORT_          0x2000'01d0   0x18  Data  Gb  pwm.o [5]
FS_OUT_PIN_             0x2000'0208    0xc  Data  Gb  pwm.o [5]
FS_OUT_PORT             0x2000'01a0   0x18  Data  Gb  pwm.o [5]
FS_OUT_PORT_            0x2000'01b8   0x18  Data  Gb  pwm.o [5]
GPIO_Init                0x800'2f8d   0x90  Code  Gb  stm32f4xx_gpio.o [3]
GPIO_PinAFConfig         0x800'3047   0x50  Code  Gb  stm32f4xx_gpio.o [3]
GPIO_ReadInputDataBit    0x800'301d   0x14  Code  Gb  stm32f4xx_gpio.o [3]
GPIO_ResetBits           0x800'3035    0x4  Code  Gb  stm32f4xx_gpio.o [3]
GPIO_SetBits             0x800'3031    0x4  Code  Gb  stm32f4xx_gpio.o [3]
GPIO_WriteBit            0x800'3039    0xe  Code  Gb  stm32f4xx_gpio.o [3]
Generate_Wave            0x800'2929   0xa2  Code  Gb  dac.o [5]
Get_Adc                  0x800'2ad5   0x2c  Code  Gb  adc.o [5]
Get_Adc_Average          0x800'2b01   0x68  Code  Gb  adc.o [5]
HASH_RNG_IRQHandler      0x800'5de5         Code  Wk  startup_stm32f427_437xx.o [1]
HC595Init                0x800'118b  0x11c  Code  Gb  Digtal.o [5]
HC595SendData            0x800'12a7  0x198  Code  Gb  Digtal.o [5]
H_CHECK_PIN_            0x2000'0170   0x18  Data  Gb  gpio.o [5]
H_CHECK_PORT_           0x2000'00f0   0x30  Data  Gb  gpio.o [5]
H_checkInit              0x800'15cf   0x56  Code  Gb  gpio.o [5]
HardFault_Handler        0x800'494b    0x2  Code  Gb  stm32f4xx_it.o [4]
I2C1_ER_IRQHandler       0x800'5d39         Code  Wk  startup_stm32f427_437xx.o [1]
I2C1_EV_IRQHandler       0x800'5d35         Code  Wk  startup_stm32f427_437xx.o [1]
I2C2_ER_IRQHandler       0x800'5d41         Code  Wk  startup_stm32f427_437xx.o [1]
I2C2_EV_IRQHandler       0x800'5d3d         Code  Wk  startup_stm32f427_437xx.o [1]
I2C3_ER_IRQHandler       0x800'5dc9         Code  Wk  startup_stm32f427_437xx.o [1]
I2C3_EV_IRQHandler       0x800'5dc5         Code  Wk  startup_stm32f427_437xx.o [1]
L_CHECK_PIN_            0x2000'0188   0x18  Data  Gb  gpio.o [5]
L_CHECK_PORT_           0x2000'0120   0x30  Data  Gb  gpio.o [5]
L_checkInit              0x800'1589   0x46  Code  Gb  gpio.o [5]
MCANDrv_SendMsg          0x800'2df9   0x3e  Code  Gb  can.o [5]
MCANDrv_SetBaurate       0x800'2c1d   0xb2  Code  Gb  can.o [5]
MCANDrv_SetMsgObj        0x800'2ccf  0x118  Code  Gb  can.o [5]
MemManage_Handler        0x800'494d    0x2  Code  Gb  stm32f4xx_it.o [4]
NMI_Handler              0x800'4949    0x2  Code  Gb  stm32f4xx_it.o [4]
NVIC_Init                0x800'3437   0x60  Code  Gb  misc.o [3]
NVIC_PriorityGroupConfig
                         0x800'342d    0xa  Code  Gb  misc.o [3]
OTG_FS_IRQHandler        0x800'5db1         Code  Wk  startup_stm32f427_437xx.o [1]
OTG_FS_WKUP_IRQHandler   0x800'5d5d         Code  Wk  startup_stm32f427_437xx.o [1]
OTG_HS_EP1_IN_IRQHandler
                         0x800'5dd1         Code  Wk  startup_stm32f427_437xx.o [1]
OTG_HS_EP1_OUT_IRQHandler
                         0x800'5dcd         Code  Wk  startup_stm32f427_437xx.o [1]
OTG_HS_IRQHandler        0x800'5dd9         Code  Wk  startup_stm32f427_437xx.o [1]
OTG_HS_WKUP_IRQHandler   0x800'5dd5         Code  Wk  startup_stm32f427_437xx.o [1]
Out_time                0x2000'0664    0x4  Data  Gb  stm32f4xx_it.o [4]
PDCtrl                  0x2000'0220    0x2  Data  Gb  dac.o [5]
PPWMDrv_Interface        0x800'1f81   0x96  Code  Gb  pwm.o [5]
PPWMDrv_stChanOldUW     0x2000'05e4   0x30  Data  Gb  pwm.o [5]
PVD_IRQHandler           0x800'5cc9         Code  Wk  startup_stm32f427_437xx.o [1]
PWM_OUT_CHANNEL_EN       0x800'18bf   0x7c  Code  Gb  pwm.o [5]
PendSV_Handler           0x800'4957    0x2  Code  Gb  stm32f4xx_it.o [4]
PulseAcqDrv_GetChanFreq
                         0x800'2035  0x3d0  Code  Gb  pwm.o [5]
RCC_AHB1PeriphClockCmd   0x800'2ef9   0x1c  Code  Gb  stm32f4xx_rcc.o [3]
RCC_APB1PeriphClockCmd   0x800'2f15   0x1c  Code  Gb  stm32f4xx_rcc.o [3]
RCC_APB2PeriphClockCmd   0x800'2f31   0x1c  Code  Gb  stm32f4xx_rcc.o [3]
RCC_APB2PeriphResetCmd   0x800'2f4d   0x1c  Code  Gb  stm32f4xx_rcc.o [3]
RCC_GetClocksFreq        0x800'2e39   0xc0  Code  Gb  stm32f4xx_rcc.o [3]
RCC_IRQHandler           0x800'5cd9         Code  Wk  startup_stm32f427_437xx.o [1]
RTC_Alarm_IRQHandler     0x800'5d59         Code  Wk  startup_stm32f427_437xx.o [1]
RTC_WKUP_IRQHandler      0x800'5cd1         Code  Wk  startup_stm32f427_437xx.o [1]
Region$$Table$$Base      0x800'5c28          --   Gb  - Linker created -
Region$$Table$$Limit     0x800'5c54          --   Gb  - Linker created -
Reset_Handler            0x800'5cb5         Code  Wk  startup_stm32f427_437xx.o [1]
SAI1_IRQHandler          0x800'5e01         Code  Wk  startup_stm32f427_437xx.o [1]
SDIO_IRQHandler          0x800'5d75         Code  Wk  startup_stm32f427_437xx.o [1]
SPI1_IRQHandler          0x800'5d45         Code  Wk  startup_stm32f427_437xx.o [1]
SPI2_IRQHandler          0x800'5d49         Code  Wk  startup_stm32f427_437xx.o [1]
SPI3_IRQHandler          0x800'5d79         Code  Wk  startup_stm32f427_437xx.o [1]
SPI4_IRQHandler          0x800'5df5         Code  Wk  startup_stm32f427_437xx.o [1]
SPI5_IRQHandler          0x800'5df9         Code  Wk  startup_stm32f427_437xx.o [1]
SPI6_IRQHandler          0x800'5dfd         Code  Wk  startup_stm32f427_437xx.o [1]
SPI_Cmd                  0x800'34e7   0x1c  Code  Gb  stm32f4xx_spi.o [3]
SPI_Configuration        0x800'2559   0x5c  Code  Gb  dac.o [5]
SPI_I2S_GetFlagStatus    0x800'3507   0x12  Code  Gb  stm32f4xx_spi.o [3]
SPI_I2S_SendData         0x800'3503    0x4  Code  Gb  stm32f4xx_spi.o [3]
SPI_Init                 0x800'34ad   0x3a  Code  Gb  stm32f4xx_spi.o [3]
SVC_Handler              0x800'4953    0x2  Code  Gb  stm32f4xx_it.o [4]
Select_VCU_Type          0x800'0207   0xd0  Code  Gb  test.o [4]
SetSysClock              0x800'5643   0xc8  Code  Lc  system_stm32f4xx.o [4]
Set_Dac_Sin_Fre          0x800'28c7   0x60  Code  Gb  dac.o [5]
Set_Duty_Fre             0x800'1a7f   0xae  Code  Gb  pwm.o [5]
SysTick_Handler          0x800'4959    0x2  Code  Gb  stm32f4xx_it.o [4]
SystemInit               0x800'55fd   0x46  Code  Gb  system_stm32f4xx.o [4]
TAMP_STAMP_IRQHandler    0x800'5ccd         Code  Wk  startup_stm32f427_437xx.o [1]
TI1_Config               0x800'334b   0x34  Code  Lc  stm32f4xx_tim.o [3]
TI2_Config               0x800'337f   0x3a  Code  Lc  stm32f4xx_tim.o [3]
TI3_Config               0x800'33b9   0x38  Code  Lc  stm32f4xx_tim.o [3]
TI4_Config               0x800'33f1   0x3a  Code  Lc  stm32f4xx_tim.o [3]
TIM1_BRK_TIM9_IRQHandler
                         0x800'5d21         Code  Wk  startup_stm32f427_437xx.o [1]
TIM1_CC_IRQHandler       0x800'4a03  0x2c6  Code  Gb  stm32f4xx_it.o [4]
TIM1_IC1_CaptureNumber  0x2000'0668    0x4  Data  Gb  stm32f4xx_it.o [4]
TIM1_IC1_Duty           0x2000'068c    0x4  Data  Gb  stm32f4xx_it.o [4]
TIM1_IC1_Freq           0x2000'0688    0x4  Data  Gb  stm32f4xx_it.o [4]
TIM1_IC1_ReadValue1     0x2000'0670    0x4  Data  Gb  stm32f4xx_it.o [4]
TIM1_IC1_ReadValue2     0x2000'0678    0x4  Data  Gb  stm32f4xx_it.o [4]
TIM1_IC2_ReadValue1     0x2000'0674    0x4  Data  Gb  stm32f4xx_it.o [4]
TIM1_IC3_CaptureNumber  0x2000'066c    0x4  Data  Gb  stm32f4xx_it.o [4]
TIM1_IC3_Duty           0x2000'0694    0x4  Data  Gb  stm32f4xx_it.o [4]
TIM1_IC3_Freq           0x2000'0690    0x4  Data  Gb  stm32f4xx_it.o [4]
TIM1_IC3_ReadValue1     0x2000'067c    0x4  Data  Gb  stm32f4xx_it.o [4]
TIM1_IC3_ReadValue2     0x2000'0684    0x4  Data  Gb  stm32f4xx_it.o [4]
TIM1_IC4_ReadValue1     0x2000'0680    0x4  Data  Gb  stm32f4xx_it.o [4]
TIM1_TRG_COM_TIM11_IRQHandler
                         0x800'5d29         Code  Wk  startup_stm32f427_437xx.o [1]
TIM1_UP_TIM10_IRQHandler
                         0x800'5d25         Code  Wk  startup_stm32f427_437xx.o [1]
TIM2_IC1_CaptureNumber  0x2000'0698    0x4  Data  Gb  stm32f4xx_it.o [4]
TIM2_IC1_Duty           0x2000'06bc    0x4  Data  Gb  stm32f4xx_it.o [4]
TIM2_IC1_Freq           0x2000'06b8    0x4  Data  Gb  stm32f4xx_it.o [4]
TIM2_IC1_ReadValue1     0x2000'06a0    0x4  Data  Gb  stm32f4xx_it.o [4]
TIM2_IC1_ReadValue2     0x2000'06a8    0x4  Data  Gb  stm32f4xx_it.o [4]
TIM2_IC2_ReadValue1     0x2000'06a4    0x4  Data  Gb  stm32f4xx_it.o [4]
TIM2_IC3_CaptureNumber  0x2000'069c    0x4  Data  Gb  stm32f4xx_it.o [4]
TIM2_IC3_Duty           0x2000'06c4    0x4  Data  Gb  stm32f4xx_it.o [4]
TIM2_IC3_Freq           0x2000'06c0    0x4  Data  Gb  stm32f4xx_it.o [4]
TIM2_IC3_ReadValue1     0x2000'06ac    0x4  Data  Gb  stm32f4xx_it.o [4]
TIM2_IC3_ReadValue2     0x2000'06b4    0x4  Data  Gb  stm32f4xx_it.o [4]
TIM2_IC4_ReadValue1     0x2000'06b0    0x4  Data  Gb  stm32f4xx_it.o [4]
TIM2_IRQHandler          0x800'4cc9  0x1e0  Code  Gb  stm32f4xx_it.o [4]
TIM34_Int_Init           0x800'1f05   0x7c  Code  Gb  pwm.o [5]
TIM3_IRQHandler          0x800'5d2d         Code  Wk  startup_stm32f427_437xx.o [1]
TIM4_IRQHandler          0x800'5d31         Code  Wk  startup_stm32f427_437xx.o [1]
TIM5_IC1_CaptureNumber  0x2000'06c8    0x4  Data  Gb  stm32f4xx_it.o [4]
TIM5_IC1_Duty           0x2000'06ec    0x4  Data  Gb  stm32f4xx_it.o [4]
TIM5_IC1_Freq           0x2000'06e8    0x4  Data  Gb  stm32f4xx_it.o [4]
TIM5_IC1_ReadValue1     0x2000'06d0    0x4  Data  Gb  stm32f4xx_it.o [4]
TIM5_IC1_ReadValue2     0x2000'06d8    0x4  Data  Gb  stm32f4xx_it.o [4]
TIM5_IC2_ReadValue1     0x2000'06d4    0x4  Data  Gb  stm32f4xx_it.o [4]
TIM5_IC3_ReadValue1     0x2000'06e0    0x4  Data  Gb  stm32f4xx_it.o [4]
TIM5_IC4_CaptureNumber  0x2000'06cc    0x4  Data  Gb  stm32f4xx_it.o [4]
TIM5_IC4_Duty           0x2000'06f4    0x4  Data  Gb  stm32f4xx_it.o [4]
TIM5_IC4_Freq           0x2000'06f0    0x4  Data  Gb  stm32f4xx_it.o [4]
TIM5_IC4_ReadValue1     0x2000'06dc    0x4  Data  Gb  stm32f4xx_it.o [4]
TIM5_IC4_ReadValue2     0x2000'06e4    0x4  Data  Gb  stm32f4xx_it.o [4]
TIM5_IRQHandler          0x800'4ea9  0x1dc  Code  Gb  stm32f4xx_it.o [4]
TIM6_DAC_IRQHandler      0x800'5d85         Code  Wk  startup_stm32f427_437xx.o [1]
TIM6_Init                0x800'2883   0x44  Code  Gb  dac.o [5]
TIM7_IRQHandler          0x800'495b   0x40  Code  Gb  stm32f4xx_it.o [4]
TIM8_BRK_TIM12_IRQHandler
                         0x800'5d61         Code  Wk  startup_stm32f427_437xx.o [1]
TIM8_CC_IRQHandler       0x800'5085  0x282  Code  Gb  stm32f4xx_it.o [4]
TIM8_IC1_CaptureNumber  0x2000'06fc    0x4  Data  Gb  stm32f4xx_it.o [4]
TIM8_IC1_Duty           0x2000'0720    0x4  Data  Gb  stm32f4xx_it.o [4]
TIM8_IC1_Freq           0x2000'071c    0x4  Data  Gb  stm32f4xx_it.o [4]
TIM8_IC1_ReadValue1     0x2000'0704    0x4  Data  Gb  stm32f4xx_it.o [4]
TIM8_IC1_ReadValue2     0x2000'070c    0x4  Data  Gb  stm32f4xx_it.o [4]
TIM8_IC2_ReadValue1     0x2000'0708    0x4  Data  Gb  stm32f4xx_it.o [4]
TIM8_IC3_CaptureNumber  0x2000'0700    0x4  Data  Gb  stm32f4xx_it.o [4]
TIM8_IC3_Duty           0x2000'0728    0x4  Data  Gb  stm32f4xx_it.o [4]
TIM8_IC3_Freq           0x2000'0724    0x4  Data  Gb  stm32f4xx_it.o [4]
TIM8_IC3_ReadValue1     0x2000'0710    0x4  Data  Gb  stm32f4xx_it.o [4]
TIM8_IC3_ReadValue2     0x2000'0718    0x4  Data  Gb  stm32f4xx_it.o [4]
TIM8_IC4_ReadValue1     0x2000'0714    0x4  Data  Gb  stm32f4xx_it.o [4]
TIM8_TRG_COM_TIM14_IRQHandler
                         0x800'5d69         Code  Wk  startup_stm32f427_437xx.o [1]
TIM8_UP_TIM13_IRQHandler
                         0x800'5d65         Code  Wk  startup_stm32f427_437xx.o [1]
TIMER18_IN_PWM_Configuration
                         0x800'1b2d  0x1f4  Code  Gb  pwm.o [5]
TIMER25_IN_PWM_Configuration
                         0x800'1d21  0x1e4  Code  Gb  pwm.o [5]
TIMER_IN_GPIO_Configuration
                         0x800'169d   0xec  Code  Gb  pwm.o [5]
TIMER_OUT_GPIO_Configuration
                         0x800'1789  0x136  Code  Gb  pwm.o [5]
TIMER_OUT_PWM_Configuration
                         0x800'193b  0x144  Code  Gb  pwm.o [5]
TIM_ARRPreloadConfig     0x800'3111   0x1c  Code  Gb  stm32f4xx_tim.o [3]
TIM_ClearITPendingBit    0x800'32fd    0x8  Code  Gb  stm32f4xx_tim.o [3]
TIM_Cmd                  0x800'312d   0x1c  Code  Gb  stm32f4xx_tim.o [3]
TIM_GetCapture1          0x800'3265    0x4  Code  Gb  stm32f4xx_tim.o [3]
TIM_GetCapture2          0x800'3269    0x4  Code  Gb  stm32f4xx_tim.o [3]
TIM_GetCapture3          0x800'326d    0x4  Code  Gb  stm32f4xx_tim.o [3]
TIM_GetCapture4          0x800'3271    0x4  Code  Gb  stm32f4xx_tim.o [3]
TIM_GetCounter           0x800'310d    0x4  Code  Gb  stm32f4xx_tim.o [3]
TIM_GetITStatus          0x800'32d9   0x24  Code  Gb  stm32f4xx_tim.o [3]
TIM_ICInit               0x800'31f5   0x70  Code  Gb  stm32f4xx_tim.o [3]
TIM_ITConfig             0x800'32c1   0x18  Code  Gb  stm32f4xx_tim.o [3]
TIM_OC1Init              0x800'3149   0x7c  Code  Gb  stm32f4xx_tim.o [3]
TIM_OC1PreloadConfig     0x800'31e5   0x10  Code  Gb  stm32f4xx_tim.o [3]
TIM_PrescalerConfig      0x800'3107    0x6  Code  Gb  stm32f4xx_tim.o [3]
TIM_SelectInputTrigger   0x800'3305   0x10  Code  Gb  stm32f4xx_tim.o [3]
TIM_SelectMasterSlaveMode
                         0x800'3339   0x12  Code  Gb  stm32f4xx_tim.o [3]
TIM_SelectOutputTrigger
                         0x800'3315   0x12  Code  Gb  stm32f4xx_tim.o [3]
TIM_SelectSlaveMode      0x800'3327   0x12  Code  Gb  stm32f4xx_tim.o [3]
TIM_SetCompare1          0x800'31e1    0x4  Code  Gb  stm32f4xx_tim.o [3]
TIM_SetIC1Prescaler      0x800'3275   0x12  Code  Gb  stm32f4xx_tim.o [3]
TIM_SetIC2Prescaler      0x800'3287   0x14  Code  Gb  stm32f4xx_tim.o [3]
TIM_SetIC3Prescaler      0x800'329b   0x12  Code  Gb  stm32f4xx_tim.o [3]
TIM_SetIC4Prescaler      0x800'32ad   0x14  Code  Gb  stm32f4xx_tim.o [3]
TIM_TimeBaseInit         0x800'3099   0x6e  Code  Gb  stm32f4xx_tim.o [3]
Test_CV01A               0x800'0bd5  0x1d8  Code  Gb  test.o [4]
Test_CV02A               0x800'0dd9  0x278  Code  Gb  test.o [4]
Test_CV03A               0x800'037d  0x2b8  Code  Gb  test.o [4]
Test_CV03B               0x800'0639  0x2b8  Code  Gb  test.o [4]
Test_CV03C               0x800'08f5  0x2d8  Code  Gb  test.o [4]
Test_CanTx_MbCfg        0x2000'0000   0xf0  Data  Gb  test.o [4]
Test_Parse_10ms          0x800'02d7   0xa4  Code  Gb  test.o [4]
Test_Rx_Callback         0x800'01ad   0x5a  Code  Gb  test.o [4]
UART4_IRQHandler         0x800'5d7d         Code  Wk  startup_stm32f427_437xx.o [1]
UART5_IRQHandler         0x800'5d81         Code  Wk  startup_stm32f427_437xx.o [1]
UART7_IRQHandler         0x800'5ded         Code  Wk  startup_stm32f427_437xx.o [1]
UART8_IRQHandler         0x800'5df1         Code  Wk  startup_stm32f427_437xx.o [1]
USART1_IRQHandler        0x800'57f3   0x6a  Code  Gb  usart.o [5]
USART2_IRQHandler        0x800'5d4d         Code  Wk  startup_stm32f427_437xx.o [1]
USART3_IRQHandler        0x800'5d51         Code  Wk  startup_stm32f427_437xx.o [1]
USART6_IRQHandler        0x800'5dc1         Code  Wk  startup_stm32f427_437xx.o [1]
USART_Cmd                0x800'5521   0x1c  Code  Gb  stm32f4xx_usart.o [3]
USART_GetITStatus        0x800'5599   0x64  Code  Gb  stm32f4xx_usart.o [3]
USART_ITConfig           0x800'5545   0x54  Code  Gb  stm32f4xx_usart.o [3]
USART_Init               0x800'5459   0xba  Code  Gb  stm32f4xx_usart.o [3]
USART_RX_BUF            0x2000'051c   0xc8  Data  Gb  usart.o [5]
USART_RX_STA            0x2000'0732    0x2  Data  Gb  usart.o [5]
USART_ReceiveData        0x800'553d    0x8  Code  Gb  stm32f4xx_usart.o [3]
UsageFault_Handler       0x800'4951    0x2  Code  Gb  stm32f4xx_it.o [4]
WWDG_IRQHandler          0x800'5cc5         Code  Wk  startup_stm32f427_437xx.o [1]
__aeabi_cdcmple          0x800'48f1         Code  Gb  DblCmpLe.o [7]
__aeabi_d2f              0x800'3f25         Code  Gb  DblToFlt.o [7]
__aeabi_d2iz             0x800'3cc1         Code  Gb  DblToS32.o [7]
__aeabi_d2uiz            0x800'5435         Code  Gb  DblToU32.o [7]
__aeabi_dadd             0x800'367d         Code  Gb  DblAddSub.o [7]
__aeabi_ddiv             0x800'3a79         Code  Gb  DblDiv.o [7]
__aeabi_dmul             0x800'38cd         Code  Gb  DblMul.o [7]
__aeabi_f2d              0x800'3621         Code  Gb  FltToDbl.o [7]
__aeabi_i2d              0x800'4925         Code  Gb  S32ToDbl.o [7]
__aeabi_memset           0x800'4485         Code  Gb  ABImemset.o [8]
__aeabi_ui2d             0x800'5419         Code  Gb  U32ToDbl.o [7]
__cmain                  0x800'5c55         Code  Gb  cmain.o [8]
__exit                   0x800'5b1d   0x14  Code  Gb  exit.o [9]
__iar_Memset             0x800'4485         Code  Gb  ABImemset.o [8]
__iar_Memset_word        0x800'448d         Code  Gb  ABImemset.o [8]
__iar_Sin64              0x800'44ed  0x370  Code  Lc  cos_sin64.o [7]
__iar_data_init3         0x800'5bdd   0x28  Code  Gb  data_init.o [8]
__iar_init_vfp           0x800'5c05         Code  Gb  fpinit_M.o [7]
__iar_packbits_init3     0x800'5a75   0xa2  Code  Gb  packbits_init.o [8]
__iar_program_start      0x800'5c89         Code  Gb  cstartup_M.o [8]
__iar_sin64              0x800'48ed    0x4  Code  Gb  cos_sin64.o [7]
__iar_sin_medium         0x800'48ed    0x4  Code  Gb  cos_sin64.o [7]
__iar_sin_medium64       0x800'48ed    0x4  Code  Gb  cos_sin64.o [7]
__iar_sin_mediuml        0x800'48ed    0x4  Code  Gb  cos_sin64.o [7]
__iar_vfp_sin            0x800'366f    0xc  Code  Gb  math_wrappers64.o [7]
__iar_zero_init3         0x800'5ba3   0x38  Code  Gb  zero_init3.o [8]
__low_level_init         0x800'5c73    0x4  Code  Gb  low_level_init.o [6]
__vector_table           0x800'0000         Data  Gb  startup_stm32f427_437xx.o [1]
_call_main               0x800'5c61         Code  Gb  cmain.o [8]
_exit                    0x800'5c7d         Code  Gb  cexit.o [8]
abort                    0x800'5b17    0x6  Code  Gb  abort.o [6]
delay_init               0x800'3e79   0x24  Code  Gb  delay.o [5]
delay_ms                 0x800'3ee1   0x44  Code  Gb  delay.o [5]
delay_xms                0x800'3e9d   0x2c  Code  Gb  delay.o [5]
exit                     0x800'5c77    0x4  Code  Gb  exit.o [6]
fac_ms                  0x2000'0730    0x2  Data  Lc  delay.o [5]
fac_us                  0x2000'0734    0x1  Data  Lc  delay.o [5]
g_Wave1                 0x2000'0454   0xc8  Data  Gb  dac.o [5]
g_can_config            0x2000'073e    0x1  Data  Gb  test.o [4]
g_canid                 0x2000'072c    0x4  Data  Gb  test.o [4]
g_data0                 0x2000'0736    0x1  Data  Gb  test.o [4]
g_data1                 0x2000'0737    0x1  Data  Gb  test.o [4]
g_data2                 0x2000'0738    0x1  Data  Gb  test.o [4]
g_data3                 0x2000'0739    0x1  Data  Gb  test.o [4]
g_data4                 0x2000'073a    0x1  Data  Gb  test.o [4]
g_data5                 0x2000'073b    0x1  Data  Gb  test.o [4]
g_data6                 0x2000'073c    0x1  Data  Gb  test.o [4]
g_flag_valid            0x2000'073d    0x1  Data  Gb  test.o [4]
g_vcu_type              0x2000'073f    0x1  Data  Gb  test.o [4]
main                     0x800'5b31   0x72  Code  Gb  main.o [4]
memset                   0x800'3519   0x14  Code  Gb  memset.o [8]
sin                      0x800'48ed    0x4  Code  Gb  cos_sin64.o [7]
sinl                     0x800'48ed    0x4  Code  Gb  cos_sin64.o [7]
sys_time_10ms_counters  0x2000'0735    0x1  Data  Gb  stm32f4xx_it.o [4]
sys_time_10ms_flag      0x2000'0222    0x1  Data  Gb  stm32f4xx_it.o [4]
sys_time_1ms_flag       0x2000'0223    0x1  Data  Gb  stm32f4xx_it.o [4]
uart_init                0x800'5741   0xb2  Code  Gb  usart.o [5]


[1] = C:\Users\admin\Desktop\VCU_TEST\Project\Debug\Obj\CMSIS_13545061835669826545.dir
[2] = C:\Users\admin\Desktop\VCU_TEST\Project\Debug\Obj\Communication_1110284211678479056.dir
[3] = C:\Users\admin\Desktop\VCU_TEST\Project\Debug\Obj\FWLIB_2941587163212694179.dir
[4] = C:\Users\admin\Desktop\VCU_TEST\Project\Debug\Obj\USER_10919075772761525211.dir
[5] = C:\Users\admin\Desktop\VCU_TEST\Project\Debug\Obj\myperipherals_3990676196113181844.dir
[6] = dl7M_tlf.a
[7] = m7M_tls.a
[8] = rt7M_tl.a
[9] = shb_l.a

  23'770 bytes of readonly  code memory
     722 bytes of readonly  data memory
  10'048 bytes of readwrite data memory

Errors: none
Warnings: none
